Archive member included to satisfy reference by file (symbol)

c:/progra~2/gnuarm~1/102021~1.10/bin/../lib/gcc/arm-none-eabi/10.3.1/thumb/v7-m/nofp\libgcc.a(_arm_mulsf3.o)
                              CMakeFiles/work.elf.dir/Src/ds18b20.c.obj (__aeabi_fmul)
c:/progra~2/gnuarm~1/102021~1.10/bin/../lib/gcc/arm-none-eabi/10.3.1/thumb/v7-m/nofp\libgcc.a(_arm_addsubsf3.o)
                              CMakeFiles/work.elf.dir/Src/ds18b20.c.obj (__aeabi_i2f)
c:/progra~2/gnuarm~1/102021~1.10/bin/../lib/gcc/arm-none-eabi/10.3.1/../../../../arm-none-eabi/lib/thumb/v7-m/nofp\libg.a(lib_a-errno.o)
                              CMakeFiles/work.elf.dir/Src/syscalls.c.obj (__errno)
c:/progra~2/gnuarm~1/102021~1.10/bin/../lib/gcc/arm-none-eabi/10.3.1/../../../../arm-none-eabi/lib/thumb/v7-m/nofp\libg.a(lib_a-exit.o)
                              c:/progra~2/gnuarm~1/102021~1.10/bin/../lib/gcc/arm-none-eabi/10.3.1/../../../../arm-none-eabi/lib/thumb/v7-m/nofp/crt0.o (exit)
c:/progra~2/gnuarm~1/102021~1.10/bin/../lib/gcc/arm-none-eabi/10.3.1/../../../../arm-none-eabi/lib/thumb/v7-m/nofp\libg.a(lib_a-impure.o)
                              c:/progra~2/gnuarm~1/102021~1.10/bin/../lib/gcc/arm-none-eabi/10.3.1/../../../../arm-none-eabi/lib/thumb/v7-m/nofp\libg.a(lib_a-exit.o) (_global_impure_ptr)
c:/progra~2/gnuarm~1/102021~1.10/bin/../lib/gcc/arm-none-eabi/10.3.1/../../../../arm-none-eabi/lib/thumb/v7-m/nofp\libg.a(lib_a-init.o)
                              c:/progra~2/gnuarm~1/102021~1.10/bin/../lib/gcc/arm-none-eabi/10.3.1/../../../../arm-none-eabi/lib/thumb/v7-m/nofp/crt0.o (__libc_init_array)
c:/progra~2/gnuarm~1/102021~1.10/bin/../lib/gcc/arm-none-eabi/10.3.1/../../../../arm-none-eabi/lib/thumb/v7-m/nofp\libg.a(lib_a-memset.o)
                              c:/progra~2/gnuarm~1/102021~1.10/bin/../lib/gcc/arm-none-eabi/10.3.1/../../../../arm-none-eabi/lib/thumb/v7-m/nofp/crt0.o (memset)
c:/progra~2/gnuarm~1/102021~1.10/bin/../lib/gcc/arm-none-eabi/10.3.1/../../../../arm-none-eabi/lib/thumb/v7-m/nofp\libg.a(lib_a-__call_atexit.o)
                              c:/progra~2/gnuarm~1/102021~1.10/bin/../lib/gcc/arm-none-eabi/10.3.1/../../../../arm-none-eabi/lib/thumb/v7-m/nofp\libg.a(lib_a-exit.o) (__call_exitprocs)
c:/progra~2/gnuarm~1/102021~1.10/bin/../lib/gcc/arm-none-eabi/10.3.1/../../../../arm-none-eabi/lib/thumb/v7-m/nofp\libg.a(lib_a-atexit.o)
                              c:/progra~2/gnuarm~1/102021~1.10/bin/../lib/gcc/arm-none-eabi/10.3.1/../../../../arm-none-eabi/lib/thumb/v7-m/nofp\libg.a(lib_a-__call_atexit.o) (atexit)
c:/progra~2/gnuarm~1/102021~1.10/bin/../lib/gcc/arm-none-eabi/10.3.1/../../../../arm-none-eabi/lib/thumb/v7-m/nofp\libg.a(lib_a-fini.o)
                              c:/progra~2/gnuarm~1/102021~1.10/bin/../lib/gcc/arm-none-eabi/10.3.1/../../../../arm-none-eabi/lib/thumb/v7-m/nofp\libg.a(lib_a-__call_atexit.o) (__libc_fini_array)
c:/progra~2/gnuarm~1/102021~1.10/bin/../lib/gcc/arm-none-eabi/10.3.1/../../../../arm-none-eabi/lib/thumb/v7-m/nofp\libg.a(lib_a-lock.o)
                              c:/progra~2/gnuarm~1/102021~1.10/bin/../lib/gcc/arm-none-eabi/10.3.1/../../../../arm-none-eabi/lib/thumb/v7-m/nofp\libg.a(lib_a-__call_atexit.o) (__retarget_lock_acquire_recursive)
c:/progra~2/gnuarm~1/102021~1.10/bin/../lib/gcc/arm-none-eabi/10.3.1/../../../../arm-none-eabi/lib/thumb/v7-m/nofp\libg.a(lib_a-__atexit.o)
                              c:/progra~2/gnuarm~1/102021~1.10/bin/../lib/gcc/arm-none-eabi/10.3.1/../../../../arm-none-eabi/lib/thumb/v7-m/nofp\libg.a(lib_a-atexit.o) (__register_exitproc)

Discarded input sections

 .text          0x00000000        0x0 c:/progra~2/gnuarm~1/102021~1.10/bin/../lib/gcc/arm-none-eabi/10.3.1/thumb/v7-m/nofp/crti.o
 .data          0x00000000        0x0 c:/progra~2/gnuarm~1/102021~1.10/bin/../lib/gcc/arm-none-eabi/10.3.1/thumb/v7-m/nofp/crti.o
 .bss           0x00000000        0x0 c:/progra~2/gnuarm~1/102021~1.10/bin/../lib/gcc/arm-none-eabi/10.3.1/thumb/v7-m/nofp/crti.o
 .data          0x00000000        0x4 c:/progra~2/gnuarm~1/102021~1.10/bin/../lib/gcc/arm-none-eabi/10.3.1/thumb/v7-m/nofp/crtbegin.o
 .rodata        0x00000000       0x24 c:/progra~2/gnuarm~1/102021~1.10/bin/../lib/gcc/arm-none-eabi/10.3.1/thumb/v7-m/nofp/crtbegin.o
 .text          0x00000000       0x7c c:/progra~2/gnuarm~1/102021~1.10/bin/../lib/gcc/arm-none-eabi/10.3.1/../../../../arm-none-eabi/lib/thumb/v7-m/nofp/crt0.o
 .data          0x00000000        0x0 c:/progra~2/gnuarm~1/102021~1.10/bin/../lib/gcc/arm-none-eabi/10.3.1/../../../../arm-none-eabi/lib/thumb/v7-m/nofp/crt0.o
 .bss           0x00000000        0x0 c:/progra~2/gnuarm~1/102021~1.10/bin/../lib/gcc/arm-none-eabi/10.3.1/../../../../arm-none-eabi/lib/thumb/v7-m/nofp/crt0.o
 .ARM.extab     0x00000000        0x0 c:/progra~2/gnuarm~1/102021~1.10/bin/../lib/gcc/arm-none-eabi/10.3.1/../../../../arm-none-eabi/lib/thumb/v7-m/nofp/crt0.o
[...]
Memory Configuration

Name             Origin             Length             Attributes
RAM              0x20000000         0x00005000         xrw
FLASH            0x08000000         0x00010000         xr
*default*        0x00000000         0xffffffff

Linker script and memory map

LOAD c:/progra~2/gnuarm~1/102021~1.10/bin/../lib/gcc/arm-none-eabi/10.3.1/thumb/v7-m/nofp/crti.o
LOAD c:/progra~2/gnuarm~1/102021~1.10/bin/../lib/gcc/arm-none-eabi/10.3.1/thumb/v7-m/nofp/crtbegin.o
LOAD c:/progra~2/gnuarm~1/102021~1.10/bin/../lib/gcc/arm-none-eabi/10.3.1/../../../../arm-none-eabi/lib/thumb/v7-m/nofp/crt0.o
LOAD CMakeFiles/work.elf.dir/Drivers/STM32F1xx_HAL_Driver/Src/stm32f1xx_hal.c.obj
LOAD CMakeFiles/work.elf.dir/Drivers/STM32F1xx_HAL_Driver/Src/stm32f1xx_hal_cortex.c.obj
LOAD CMakeFiles/work.elf.dir/Drivers/STM32F1xx_HAL_Driver/Src/stm32f1xx_hal_dma.c.obj
LOAD CMakeFiles/work.elf.dir/Drivers/STM32F1xx_HAL_Driver/Src/stm32f1xx_hal_exti.c.obj
LOAD CMakeFiles/work.elf.dir/Drivers/STM32F1xx_HAL_Driver/Src/stm32f1xx_hal_flash.c.obj
LOAD CMakeFiles/work.elf.dir/Drivers/STM32F1xx_HAL_Driver/Src/stm32f1xx_hal_flash_ex.c.obj
LOAD CMakeFiles/work.elf.dir/Drivers/STM32F1xx_HAL_Driver/Src/stm32f1xx_hal_gpio.c.obj
LOAD CMakeFiles/work.elf.dir/Drivers/STM32F1xx_HAL_Driver/Src/stm32f1xx_hal_gpio_ex.c.obj
LOAD CMakeFiles/work.elf.dir/Drivers/STM32F1xx_HAL_Driver/Src/stm32f1xx_hal_pwr.c.obj
LOAD CMakeFiles/work.elf.dir/Drivers/STM32F1xx_HAL_Driver/Src/stm32f1xx_hal_rcc.c.obj
LOAD CMakeFiles/work.elf.dir/Drivers/STM32F1xx_HAL_Driver/Src/stm32f1xx_hal_rcc_ex.c.obj
LOAD CMakeFiles/work.elf.dir/Drivers/STM32F1xx_HAL_Driver/Src/stm32f1xx_hal_tim.c.obj
LOAD CMakeFiles/work.elf.dir/Drivers/STM32F1xx_HAL_Driver/Src/stm32f1xx_hal_tim_ex.c.obj
LOAD CMakeFiles/work.elf.dir/Drivers/STM32F1xx_HAL_Driver/Src/stm32f1xx_hal_uart.c.obj
LOAD CMakeFiles/work.elf.dir/Src/ds18b20.c.obj
LOAD CMakeFiles/work.elf.dir/Src/main.c.obj
LOAD CMakeFiles/work.elf.dir/Src/stm32f1xx_hal_msp.c.obj
LOAD CMakeFiles/work.elf.dir/Src/stm32f1xx_it.c.obj
LOAD CMakeFiles/work.elf.dir/Src/syscalls.c.obj
LOAD CMakeFiles/work.elf.dir/Src/sysmem.c.obj
LOAD CMakeFiles/work.elf.dir/Src/system_stm32f1xx.c.obj
LOAD CMakeFiles/work.elf.dir/Startup/startup_stm32f103c8tx.s.obj
START GROUP
LOAD c:/progra~2/gnuarm~1/102021~1.10/bin/../lib/gcc/arm-none-eabi/10.3.1/thumb/v7-m/nofp\libgcc.a
LOAD c:/progra~2/gnuarm~1/102021~1.10/bin/../lib/gcc/arm-none-eabi/10.3.1/../../../../arm-none-eabi/lib/thumb/v7-m/nofp\libg.a
LOAD c:/progra~2/gnuarm~1/102021~1.10/bin/../lib/gcc/arm-none-eabi/10.3.1/../../../../arm-none-eabi/lib/thumb/v7-m/nofp\libc.a
END GROUP
LOAD c:/progra~2/gnuarm~1/102021~1.10/bin/../lib/gcc/arm-none-eabi/10.3.1/thumb/v7-m/nofp/crtend.o
LOAD c:/progra~2/gnuarm~1/102021~1.10/bin/../lib/gcc/arm-none-eabi/10.3.1/thumb/v7-m/nofp/crtn.o
                0x20005000                _estack = (ORIGIN (RAM) + LENGTH (RAM))
                0x00000200                _Min_Heap_Size = 0x200
                0x00000400                _Min_Stack_Size = 0x400

.isr_vector     0x08000000      0x10c
                0x08000000                . = ALIGN (0x4)
 *(.isr_vector)
 .isr_vector    0x08000000      0x10c CMakeFiles/work.elf.dir/Startup/startup_stm32f103c8tx.s.obj
                0x08000000                g_pfnVectors
                0x0800010c                . = ALIGN (0x4)

.text           0x0800010c     0x1778
                0x0800010c                . = ALIGN (0x4)
 *(.text)
 .text          0x0800010c       0x40 c:/progra~2/gnuarm~1/102021~1.10/bin/../lib/gcc/arm-none-eabi/10.3.1/thumb/v7-m/nofp/crtbegin.o
 .text          0x0800014c      0x168 c:/progra~2/gnuarm~1/102021~1.10/bin/../lib/gcc/arm-none-eabi/10.3.1/thumb/v7-m/nofp\libgcc.a(_arm_mulsf3.o)
                0x0800014c                __aeabi_fmul
                0x0800014c                __mulsf3
 .text          0x080002b4      0x21c c:/progra~2/gnuarm~1/102021~1.10/bin/../lib/gcc/arm-none-eabi/10.3.1/thumb/v7-m/nofp\libgcc.a(_arm_addsubsf3.o)
                0x080002b4                __aeabi_frsub
                0x080002bc                __subsf3
                0x080002bc                __aeabi_fsub
                0x080002c0                __aeabi_fadd
                0x080002c0                __addsf3
                0x08000420                __aeabi_ui2f
                0x08000420                __floatunsisf
                0x08000428                __aeabi_i2f
                0x08000428                __floatsisf
                0x08000444                __aeabi_ul2f
                0x08000444                __floatundisf
                0x08000454                __aeabi_l2f
                0x08000454                __floatdisf
 *(.text*)
 .text.HAL_InitTick
                0x080004d0       0x4c CMakeFiles/work.elf.dir/Drivers/STM32F1xx_HAL_Driver/Src/stm32f1xx_hal.c.obj
                0x080004d0                HAL_InitTick
 .text.HAL_Init
                0x0800051c       0x24 CMakeFiles/work.elf.dir/Drivers/STM32F1xx_HAL_Driver/Src/stm32f1xx_hal.c.obj
                0x0800051c                HAL_Init
 .text.HAL_IncTick
                0x08000540       0x18 CMakeFiles/work.elf.dir/Drivers/STM32F1xx_HAL_Driver/Src/stm32f1xx_hal.c.obj
                0x08000540                HAL_IncTick
 .text.HAL_GetTick
                0x08000558        0xc CMakeFiles/work.elf.dir/Drivers/STM32F1xx_HAL_Driver/Src/stm32f1xx_hal.c.obj
                0x08000558                HAL_GetTick
 .text.HAL_Delay
                0x08000564       0x28 CMakeFiles/work.elf.dir/Drivers/STM32F1xx_HAL_Driver/Src/stm32f1xx_hal.c.obj
                0x08000564                HAL_Delay
 .text.HAL_NVIC_SetPriorityGrouping
                0x0800058c       0x24 CMakeFiles/work.elf.dir/Drivers/STM32F1xx_HAL_Driver/Src/stm32f1xx_hal_cortex.c.obj
                0x0800058c                HAL_NVIC_SetPriorityGrouping
 .text.HAL_NVIC_SetPriority
                0x080005b0       0x70 CMakeFiles/work.elf.dir/Drivers/STM32F1xx_HAL_Driver/Src/stm32f1xx_hal_cortex.c.obj
                0x080005b0                HAL_NVIC_SetPriority
 .text.HAL_NVIC_EnableIRQ
                0x08000620       0x1c CMakeFiles/work.elf.dir/Drivers/STM32F1xx_HAL_Driver/Src/stm32f1xx_hal_cortex.c.obj
                0x08000620                HAL_NVIC_EnableIRQ
 .text.HAL_NVIC_DisableIRQ
                0x0800063c       0x24 CMakeFiles/work.elf.dir/Drivers/STM32F1xx_HAL_Driver/Src/stm32f1xx_hal_cortex.c.obj
                0x0800063c                HAL_NVIC_DisableIRQ
 .text.HAL_SYSTICK_Config
                0x08000660       0x28 CMakeFiles/work.elf.dir/Drivers/STM32F1xx_HAL_Driver/Src/stm32f1xx_hal_cortex.c.obj
                0x08000660                HAL_SYSTICK_Config
 .text.HAL_GPIO_Init
                0x08000688      0x224 CMakeFiles/work.elf.dir/Drivers/STM32F1xx_HAL_Driver/Src/stm32f1xx_hal_gpio.c.obj
                0x08000688                HAL_GPIO_Init
 .text.HAL_GPIO_WritePin
                0x080008ac        0xc CMakeFiles/work.elf.dir/Drivers/STM32F1xx_HAL_Driver/Src/stm32f1xx_hal_gpio.c.obj
                0x080008ac                HAL_GPIO_WritePin
 .text.RCC_Delay
                0x080008b8       0x2c CMakeFiles/work.elf.dir/Drivers/STM32F1xx_HAL_Driver/Src/stm32f1xx_hal_rcc.c.obj
 .text.HAL_RCC_OscConfig
                0x080008e4      0x410 CMakeFiles/work.elf.dir/Drivers/STM32F1xx_HAL_Driver/Src/stm32f1xx_hal_rcc.c.obj
                0x080008e4                HAL_RCC_OscConfig
 .text.HAL_RCC_GetSysClockFreq
                0x08000cf4       0x70 CMakeFiles/work.elf.dir/Drivers/STM32F1xx_HAL_Driver/Src/stm32f1xx_hal_rcc.c.obj
                0x08000cf4                HAL_RCC_GetSysClockFreq
 .text.HAL_RCC_ClockConfig
                0x08000d64      0x16c CMakeFiles/work.elf.dir/Drivers/STM32F1xx_HAL_Driver/Src/stm32f1xx_hal_rcc.c.obj
                0x08000d64                HAL_RCC_ClockConfig
 .text.HAL_RCC_GetHCLKFreq
                0x08000ed0        0xc CMakeFiles/work.elf.dir/Drivers/STM32F1xx_HAL_Driver/Src/stm32f1xx_hal_rcc.c.obj
                0x08000ed0                HAL_RCC_GetHCLKFreq
 .text.HAL_RCC_GetPCLK1Freq
                0x08000edc       0x20 CMakeFiles/work.elf.dir/Drivers/STM32F1xx_HAL_Driver/Src/stm32f1xx_hal_rcc.c.obj
                0x08000edc                HAL_RCC_GetPCLK1Freq
 .text.HAL_RCC_GetPCLK2Freq
                0x08000efc       0x20 CMakeFiles/work.elf.dir/Drivers/STM32F1xx_HAL_Driver/Src/stm32f1xx_hal_rcc.c.obj
                0x08000efc                HAL_RCC_GetPCLK2Freq
 .text.UART_SetConfig
                0x08000f1c       0x94 CMakeFiles/work.elf.dir/Drivers/STM32F1xx_HAL_Driver/Src/stm32f1xx_hal_uart.c.obj
 .text.UART_WaitOnFlagUntilTimeout
                0x08000fb0       0x6c CMakeFiles/work.elf.dir/Drivers/STM32F1xx_HAL_Driver/Src/stm32f1xx_hal_uart.c.obj
 .text.HAL_UART_Init
                0x0800101c       0x5e CMakeFiles/work.elf.dir/Drivers/STM32F1xx_HAL_Driver/Src/stm32f1xx_hal_uart.c.obj
                0x0800101c                HAL_UART_Init
 .text.HAL_HalfDuplex_Init
                0x0800107a       0x6a CMakeFiles/work.elf.dir/Drivers/STM32F1xx_HAL_Driver/Src/stm32f1xx_hal_uart.c.obj
                0x0800107a                HAL_HalfDuplex_Init
 .text.HAL_UART_Transmit
                0x080010e4       0xd8 CMakeFiles/work.elf.dir/Drivers/STM32F1xx_HAL_Driver/Src/stm32f1xx_hal_uart.c.obj
                0x080010e4                HAL_UART_Transmit
 .text.ds18b20_reset
                0x080011bc       0x28 CMakeFiles/work.elf.dir/Src/ds18b20.c.obj
                0x080011bc                ds18b20_reset
 .text.ds18b20_transmit
                0x080011e4       0x34 CMakeFiles/work.elf.dir/Src/ds18b20.c.obj
                0x080011e4                ds18b20_transmit
 .text.ds18b20_set_settings
                0x08001218       0x32 CMakeFiles/work.elf.dir/Src/ds18b20.c.obj
                0x08001218                ds18b20_set_settings
 .text.ds18b20_start_measuring_cmd
                0x0800124a       0x1a CMakeFiles/work.elf.dir/Src/ds18b20.c.obj
                0x0800124a                ds18b20_start_measuring_cmd
 .text.ds18b20_read_data_cmd
                0x08001264       0x80 CMakeFiles/work.elf.dir/Src/ds18b20.c.obj
                0x08001264                ds18b20_read_data_cmd
 .text.ds18b20_convert_row_data
                0x080012e4       0x38 CMakeFiles/work.elf.dir/Src/ds18b20.c.obj
                0x080012e4                ds18b20_convert_row_data
 .text.MX_GPIO_Init
                0x0800131c       0x78 CMakeFiles/work.elf.dir/Src/main.c.obj
 .text.MX_USART2_UART_Init
                0x08001394       0x48 CMakeFiles/work.elf.dir/Src/main.c.obj
 .text.MX_USART1_UART_Init
                0x080013dc       0x2c CMakeFiles/work.elf.dir/Src/main.c.obj
 .text.USART2_IRQHandler
                0x08001408       0x7c CMakeFiles/work.elf.dir/Src/main.c.obj
                0x08001408                USART2_IRQHandler
 .text.SystemClock_Config
                0x08001484       0x54 CMakeFiles/work.elf.dir/Src/main.c.obj
                0x08001484                SystemClock_Config
 .text.main     0x080014d8       0x48 CMakeFiles/work.elf.dir/Src/main.c.obj
                0x080014d8                main
 .text.HAL_MspInit
                0x08001520       0x44 CMakeFiles/work.elf.dir/Src/stm32f1xx_hal_msp.c.obj
                0x08001520                HAL_MspInit
 .text.HAL_UART_MspInit
                0x08001564       0xd4 CMakeFiles/work.elf.dir/Src/stm32f1xx_hal_msp.c.obj
                0x08001564                HAL_UART_MspInit
 .text.NMI_Handler
                0x08001638        0x2 CMakeFiles/work.elf.dir/Src/stm32f1xx_it.c.obj
                0x08001638                NMI_Handler
 .text.HardFault_Handler
                0x0800163a        0x2 CMakeFiles/work.elf.dir/Src/stm32f1xx_it.c.obj
                0x0800163a                HardFault_Handler
 .text.MemManage_Handler
                0x0800163c        0x2 CMakeFiles/work.elf.dir/Src/stm32f1xx_it.c.obj
                0x0800163c                MemManage_Handler
 .text.BusFault_Handler
                0x0800163e        0x2 CMakeFiles/work.elf.dir/Src/stm32f1xx_it.c.obj
                0x0800163e                BusFault_Handler
 .text.UsageFault_Handler
                0x08001640        0x2 CMakeFiles/work.elf.dir/Src/stm32f1xx_it.c.obj
                0x08001640                UsageFault_Handler
 .text.SVC_Handler
                0x08001642        0x2 CMakeFiles/work.elf.dir/Src/stm32f1xx_it.c.obj
                0x08001642                SVC_Handler
 .text.DebugMon_Handler
                0x08001644        0x2 CMakeFiles/work.elf.dir/Src/stm32f1xx_it.c.obj
                0x08001644                DebugMon_Handler
 .text.PendSV_Handler
                0x08001646        0x2 CMakeFiles/work.elf.dir/Src/stm32f1xx_it.c.obj
                0x08001646                PendSV_Handler
 .text.SysTick_Handler
                0x08001648        0x8 CMakeFiles/work.elf.dir/Src/stm32f1xx_it.c.obj
                0x08001648                SysTick_Handler
 .text.SystemInit
                0x08001650        0x2 CMakeFiles/work.elf.dir/Src/system_stm32f1xx.c.obj
                0x08001650                SystemInit
 *fill*         0x08001652        0x2 
 .text.Reset_Handler
                0x08001654       0x48 CMakeFiles/work.elf.dir/Startup/startup_stm32f103c8tx.s.obj
                0x08001654                Reset_Handler
 .text.Default_Handler
                0x0800169c        0x2 CMakeFiles/work.elf.dir/Startup/startup_stm32f103c8tx.s.obj
                0x0800169c                RTC_Alarm_IRQHandler
                0x0800169c                EXTI2_IRQHandler
                0x0800169c                TIM1_CC_IRQHandler
                0x0800169c                PVD_IRQHandler
                0x0800169c                EXTI3_IRQHandler
                0x0800169c                EXTI0_IRQHandler
                0x0800169c                I2C2_EV_IRQHandler
                0x0800169c                ADC1_2_IRQHandler
                0x0800169c                SPI1_IRQHandler
                0x0800169c                TAMPER_IRQHandler
                0x0800169c                DMA1_Channel4_IRQHandler
                0x0800169c                USART3_IRQHandler
                0x0800169c                RTC_IRQHandler
                0x0800169c                DMA1_Channel7_IRQHandler
                0x0800169c                CAN1_RX1_IRQHandler
                0x0800169c                TIM4_IRQHandler
                0x0800169c                I2C1_EV_IRQHandler
                0x0800169c                DMA1_Channel6_IRQHandler
                0x0800169c                TIM3_IRQHandler
                0x0800169c                RCC_IRQHandler
                0x0800169c                TIM1_TRG_COM_IRQHandler
                0x0800169c                DMA1_Channel1_IRQHandler
                0x0800169c                Default_Handler
                0x0800169c                EXTI15_10_IRQHandler
                0x0800169c                EXTI9_5_IRQHandler
                0x0800169c                SPI2_IRQHandler
                0x0800169c                DMA1_Channel5_IRQHandler
                0x0800169c                EXTI4_IRQHandler
                0x0800169c                USB_LP_CAN1_RX0_IRQHandler
                0x0800169c                USB_HP_CAN1_TX_IRQHandler
                0x0800169c                DMA1_Channel3_IRQHandler
                0x0800169c                TIM1_UP_IRQHandler
                0x0800169c                WWDG_IRQHandler
                0x0800169c                TIM2_IRQHandler
                0x0800169c                TIM1_BRK_IRQHandler
                0x0800169c                EXTI1_IRQHandler
                0x0800169c                I2C2_ER_IRQHandler
                0x0800169c                DMA1_Channel2_IRQHandler
                0x0800169c                CAN1_SCE_IRQHandler
                0x0800169c                FLASH_IRQHandler
                0x0800169c                USART1_IRQHandler
                0x0800169c                I2C1_ER_IRQHandler
                0x0800169c                USBWakeUp_IRQHandler
 *fill*         0x0800169e        0x2 
 .text.__libc_init_array
                0x080016a0       0x48 c:/progra~2/gnuarm~1/102021~1.10/bin/../lib/gcc/arm-none-eabi/10.3.1/../../../../arm-none-eabi/lib/thumb/v7-m/nofp\libg.a(lib_a-init.o)
                0x080016a0                __libc_init_array
 .text.memset   0x080016e8       0xa4 c:/progra~2/gnuarm~1/102021~1.10/bin/../lib/gcc/arm-none-eabi/10.3.1/../../../../arm-none-eabi/lib/thumb/v7-m/nofp\libg.a(lib_a-memset.o)
                0x080016e8                memset
 .text.startup.register_fini
                0x0800178c       0x14 c:/progra~2/gnuarm~1/102021~1.10/bin/../lib/gcc/arm-none-eabi/10.3.1/../../../../arm-none-eabi/lib/thumb/v7-m/nofp\libg.a(lib_a-__call_atexit.o)
 .text.atexit   0x080017a0        0xc c:/progra~2/gnuarm~1/102021~1.10/bin/../lib/gcc/arm-none-eabi/10.3.1/../../../../arm-none-eabi/lib/thumb/v7-m/nofp\libg.a(lib_a-atexit.o)
                0x080017a0                atexit
 .text.__libc_fini_array
                0x080017ac       0x2c c:/progra~2/gnuarm~1/102021~1.10/bin/../lib/gcc/arm-none-eabi/10.3.1/../../../../arm-none-eabi/lib/thumb/v7-m/nofp\libg.a(lib_a-fini.o)
                0x080017ac                __libc_fini_array
 .text.__retarget_lock_acquire_recursive
                0x080017d8        0x4 c:/progra~2/gnuarm~1/102021~1.10/bin/../lib/gcc/arm-none-eabi/10.3.1/../../../../arm-none-eabi/lib/thumb/v7-m/nofp\libg.a(lib_a-lock.o)
                0x080017d8                __retarget_lock_acquire_recursive
 .text.__retarget_lock_release_recursive
                0x080017dc        0x4 c:/progra~2/gnuarm~1/102021~1.10/bin/../lib/gcc/arm-none-eabi/10.3.1/../../../../arm-none-eabi/lib/thumb/v7-m/nofp\libg.a(lib_a-lock.o)
                0x080017dc                __retarget_lock_release_recursive
 .text.__register_exitproc
                0x080017e0       0x8c c:/progra~2/gnuarm~1/102021~1.10/bin/../lib/gcc/arm-none-eabi/10.3.1/../../../../arm-none-eabi/lib/thumb/v7-m/nofp\libg.a(lib_a-__atexit.o)
                0x080017e0                __register_exitproc
 *(.glue_7)
 .glue_7        0x0800186c        0x0 linker stubs
 *(.glue_7t)
 .glue_7t       0x0800186c        0x0 linker stubs
 *(.eh_frame)
 .eh_frame      0x0800186c        0x0 c:/progra~2/gnuarm~1/102021~1.10/bin/../lib/gcc/arm-none-eabi/10.3.1/thumb/v7-m/nofp/crtbegin.o
 *(.init)
 .init          0x0800186c        0x4 c:/progra~2/gnuarm~1/102021~1.10/bin/../lib/gcc/arm-none-eabi/10.3.1/thumb/v7-m/nofp/crti.o
                0x0800186c                _init
 .init          0x08001870        0x8 c:/progra~2/gnuarm~1/102021~1.10/bin/../lib/gcc/arm-none-eabi/10.3.1/thumb/v7-m/nofp/crtn.o
 *(.fini)
 .fini          0x08001878        0x4 c:/progra~2/gnuarm~1/102021~1.10/bin/../lib/gcc/arm-none-eabi/10.3.1/thumb/v7-m/nofp/crti.o
                0x08001878                _fini
 .fini          0x0800187c        0x8 c:/progra~2/gnuarm~1/102021~1.10/bin/../lib/gcc/arm-none-eabi/10.3.1/thumb/v7-m/nofp/crtn.o
                0x08001884                . = ALIGN (0x4)
                0x08001884                _etext = .

.vfp11_veneer   0x08001884        0x0
 .vfp11_veneer  0x08001884        0x0 linker stubs

.v4_bx          0x08001884        0x0
 .v4_bx         0x08001884        0x0 linker stubs

.iplt           0x08001884        0x0
 .iplt          0x08001884        0x0 c:/progra~2/gnuarm~1/102021~1.10/bin/../lib/gcc/arm-none-eabi/10.3.1/thumb/v7-m/nofp/crtbegin.o

.rodata         0x08001884       0x30
                0x08001884                . = ALIGN (0x4)
 *(.rodata)
 *(.rodata*)
 .rodata.HAL_RCC_GetSysClockFreq.str1.4
                0x08001884       0x11 CMakeFiles/work.elf.dir/Drivers/STM32F1xx_HAL_Driver/Src/stm32f1xx_hal_rcc.c.obj
 *fill*         0x08001895        0x3 
 .rodata.AHBPrescTable
                0x08001898       0x10 CMakeFiles/work.elf.dir/Src/system_stm32f1xx.c.obj
                0x08001898                AHBPrescTable
 .rodata.APBPrescTable
                0x080018a8        0x8 CMakeFiles/work.elf.dir/Src/system_stm32f1xx.c.obj
                0x080018a8                APBPrescTable
 .rodata._global_impure_ptr
                0x080018b0        0x4 c:/progra~2/gnuarm~1/102021~1.10/bin/../lib/gcc/arm-none-eabi/10.3.1/../../../../arm-none-eabi/lib/thumb/v7-m/nofp\libg.a(lib_a-impure.o)
                0x080018b0                _global_impure_ptr
                0x080018b4                . = ALIGN (0x4)

.rel.dyn        0x080018b4        0x0
 .rel.iplt      0x080018b4        0x0 c:/progra~2/gnuarm~1/102021~1.10/bin/../lib/gcc/arm-none-eabi/10.3.1/thumb/v7-m/nofp/crtbegin.o

.ARM.extab      0x080018b4        0x0
                0x080018b4                . = ALIGN (0x4)
 *(.ARM.extab* .gnu.linkonce.armextab.*)
                0x080018b4                . = ALIGN (0x4)

.ARM            0x080018b4        0x0
                0x080018b4                . = ALIGN (0x4)
                0x080018b4                __exidx_start = .
 *(.ARM.exidx*)
                0x080018b4                __exidx_end = .
                0x080018b4                . = ALIGN (0x4)

.preinit_array  0x080018b4        0x0
                0x080018b4                . = ALIGN (0x4)
                0x080018b4                PROVIDE (__preinit_array_start = .)
 *(.preinit_array*)
                0x080018b4                PROVIDE (__preinit_array_end = .)
                0x080018b4                . = ALIGN (0x4)

.init_array     0x080018b4        0x8
                0x080018b4                . = ALIGN (0x4)
                0x080018b4                PROVIDE (__init_array_start = .)
 *(SORT_BY_NAME(.init_array.*))
 .init_array.00000
                0x080018b4        0x4 c:/progra~2/gnuarm~1/102021~1.10/bin/../lib/gcc/arm-none-eabi/10.3.1/../../../../arm-none-eabi/lib/thumb/v7-m/nofp\libg.a(lib_a-__call_atexit.o)
 *(.init_array*)
 .init_array    0x080018b8        0x4 c:/progra~2/gnuarm~1/102021~1.10/bin/../lib/gcc/arm-none-eabi/10.3.1/thumb/v7-m/nofp/crtbegin.o
                0x080018bc                PROVIDE (__init_array_end = .)
                0x080018bc                . = ALIGN (0x4)

.fini_array     0x080018bc        0x4
                0x080018bc                . = ALIGN (0x4)
                0x080018bc                PROVIDE (__fini_array_start = .)
 *(SORT_BY_NAME(.fini_array.*))
 *(.fini_array*)
 .fini_array    0x080018bc        0x4 c:/progra~2/gnuarm~1/102021~1.10/bin/../lib/gcc/arm-none-eabi/10.3.1/thumb/v7-m/nofp/crtbegin.o
                0x080018c0                PROVIDE (__fini_array_end = .)
                0x080018c0                . = ALIGN (0x4)
                0x080018c0                _sidata = LOADADDR (.data)

.data           0x20000000      0x454 load address 0x080018c0
                0x20000000                . = ALIGN (0x4)
                0x20000000                _sdata = .
 *(.data)
 *(.data*)
 .data.uwTickFreq
                0x20000000        0x1 CMakeFiles/work.elf.dir/Drivers/STM32F1xx_HAL_Driver/Src/stm32f1xx_hal.c.obj
                0x20000000                uwTickFreq
 *fill*         0x20000001        0x3 
 .data.uwTickPrio
                0x20000004        0x4 CMakeFiles/work.elf.dir/Drivers/STM32F1xx_HAL_Driver/Src/stm32f1xx_hal.c.obj
                0x20000004                uwTickPrio
 .data.reset_cmd.2
                0x20000008        0x1 CMakeFiles/work.elf.dir/Src/ds18b20.c.obj
 .data.true_bit.1
                0x20000009        0x1 CMakeFiles/work.elf.dir/Src/ds18b20.c.obj
 *fill*         0x2000000a        0x2 
 .data.my_ds18b20
                0x2000000c       0x18 CMakeFiles/work.elf.dir/Src/main.c.obj
                0x2000000c                my_ds18b20
 .data.SystemCoreClock
                0x20000024        0x4 CMakeFiles/work.elf.dir/Src/system_stm32f1xx.c.obj
                0x20000024                SystemCoreClock
 .data.impure_data
                0x20000028      0x428 c:/progra~2/gnuarm~1/102021~1.10/bin/../lib/gcc/arm-none-eabi/10.3.1/../../../../arm-none-eabi/lib/thumb/v7-m/nofp\libg.a(lib_a-impure.o)
 .data.__atexit_recursive_mutex
                0x20000450        0x4 c:/progra~2/gnuarm~1/102021~1.10/bin/../lib/gcc/arm-none-eabi/10.3.1/../../../../arm-none-eabi/lib/thumb/v7-m/nofp\libg.a(lib_a-__call_atexit.o)
                0x20000450                __atexit_recursive_mutex
                0x20000454                . = ALIGN (0x4)
                0x20000454                _edata = .

.igot.plt       0x20000454        0x0 load address 0x08001d14
 .igot.plt      0x20000454        0x0 c:/progra~2/gnuarm~1/102021~1.10/bin/../lib/gcc/arm-none-eabi/10.3.1/thumb/v7-m/nofp/crtbegin.o
                0x20000454                . = ALIGN (0x4)

.bss            0x20000454       0xb4 load address 0x08001d14
                0x20000454                _sbss = .
                0x20000454                __bss_start__ = _sbss
 *(.bss)
 .bss           0x20000454       0x1c c:/progra~2/gnuarm~1/102021~1.10/bin/../lib/gcc/arm-none-eabi/10.3.1/thumb/v7-m/nofp/crtbegin.o
 *(.bss*)
 .bss.uwTick    0x20000470        0x4 CMakeFiles/work.elf.dir/Drivers/STM32F1xx_HAL_Driver/Src/stm32f1xx_hal.c.obj
                0x20000470                uwTick
 .bss.false_bit.0
                0x20000474        0x1 CMakeFiles/work.elf.dir/Src/ds18b20.c.obj
 *fill*         0x20000475        0x3 
 .bss.huart1    0x20000478       0x44 CMakeFiles/work.elf.dir/Src/main.c.obj
                0x20000478                huart1
 .bss.huart2    0x200004bc       0x44 CMakeFiles/work.elf.dir/Src/main.c.obj
                0x200004bc                huart2
 .bss.row_data_byte.0
                0x20000500        0x1 CMakeFiles/work.elf.dir/Src/main.c.obj
 .bss.row_data_byte_bit.1
                0x20000501        0x1 CMakeFiles/work.elf.dir/Src/main.c.obj
 *fill*         0x20000502        0x2 
 .bss.__lock___atexit_recursive_mutex
                0x20000504        0x1 c:/progra~2/gnuarm~1/102021~1.10/bin/../lib/gcc/arm-none-eabi/10.3.1/../../../../arm-none-eabi/lib/thumb/v7-m/nofp\libg.a(lib_a-lock.o)
                0x20000504                __lock___atexit_recursive_mutex
 *(COMMON)
                0x20000508                . = ALIGN (0x4)
 *fill*         0x20000505        0x3 
                0x20000508                _ebss = .
                0x20000508                __bss_end__ = _ebss

._user_heap_stack
                0x20000508      0x600 load address 0x08001d14
                0x20000508                . = ALIGN (0x8)
                0x20000508                PROVIDE (end = .)
                [!provide]                PROVIDE (_end = .)
                0x20000708                . = (. + _Min_Heap_Size)
 *fill*         0x20000508      0x200 
                0x20000b08                . = (. + _Min_Stack_Size)
 *fill*         0x20000708      0x400 
                0x20000b08                . = ALIGN (0x8)

/DISCARD/
 libc.a(*)
 libm.a(*)
 libgcc.a(*)

.ARM.attributes
                0x00000000       0x29
 *(.ARM.attributes)
 .ARM.attributes
                0x00000000       0x1d c:/progra~2/gnuarm~1/102021~1.10/bin/../lib/gcc/arm-none-eabi/10.3.1/thumb/v7-m/nofp/crti.o
 .ARM.attributes
                0x0000001d       0x2d c:/progra~2/gnuarm~1/102021~1.10/bin/../lib/gcc/arm-none-eabi/10.3.1/thumb/v7-m/nofp/crtbegin.o
 .ARM.attributes
                0x0000004a       0x2d CMakeFiles/work.elf.dir/Drivers/STM32F1xx_HAL_Driver/Src/stm32f1xx_hal.c.obj
 .ARM.attributes
                0x00000077       0x2d CMakeFiles/work.elf.dir/Drivers/STM32F1xx_HAL_Driver/Src/stm32f1xx_hal_cortex.c.obj
 .ARM.attributes
                0x000000a4       0x2d CMakeFiles/work.elf.dir/Drivers/STM32F1xx_HAL_Driver/Src/stm32f1xx_hal_gpio.c.obj
 .ARM.attributes
                0x000000d1       0x2d CMakeFiles/work.elf.dir/Drivers/STM32F1xx_HAL_Driver/Src/stm32f1xx_hal_rcc.c.obj
 .ARM.attributes
                0x000000fe       0x2d CMakeFiles/work.elf.dir/Drivers/STM32F1xx_HAL_Driver/Src/stm32f1xx_hal_uart.c.obj
 .ARM.attributes
                0x0000012b       0x2d CMakeFiles/work.elf.dir/Src/ds18b20.c.obj
 .ARM.attributes
                0x00000158       0x2d CMakeFiles/work.elf.dir/Src/main.c.obj
 .ARM.attributes
                0x00000185       0x2d CMakeFiles/work.elf.dir/Src/stm32f1xx_hal_msp.c.obj
 .ARM.attributes
                0x000001b2       0x2d CMakeFiles/work.elf.dir/Src/stm32f1xx_it.c.obj
 .ARM.attributes
                0x000001df       0x2d CMakeFiles/work.elf.dir/Src/system_stm32f1xx.c.obj
 .ARM.attributes
                0x0000020c       0x21 CMakeFiles/work.elf.dir/Startup/startup_stm32f103c8tx.s.obj
 .ARM.attributes
                0x0000022d       0x1d c:/progra~2/gnuarm~1/102021~1.10/bin/../lib/gcc/arm-none-eabi/10.3.1/thumb/v7-m/nofp\libgcc.a(_arm_mulsf3.o)
 .ARM.attributes
                0x0000024a       0x1d c:/progra~2/gnuarm~1/102021~1.10/bin/../lib/gcc/arm-none-eabi/10.3.1/thumb/v7-m/nofp\libgcc.a(_arm_addsubsf3.o)
 .ARM.attributes
                0x00000267       0x2d c:/progra~2/gnuarm~1/102021~1.10/bin/../lib/gcc/arm-none-eabi/10.3.1/../../../../arm-none-eabi/lib/thumb/v7-m/nofp\libg.a(lib_a-impure.o)
 .ARM.attributes
                0x00000294       0x2d c:/progra~2/gnuarm~1/102021~1.10/bin/../lib/gcc/arm-none-eabi/10.3.1/../../../../arm-none-eabi/lib/thumb/v7-m/nofp\libg.a(lib_a-init.o)
 .ARM.attributes
                0x000002c1       0x2d c:/progra~2/gnuarm~1/102021~1.10/bin/../lib/gcc/arm-none-eabi/10.3.1/../../../../arm-none-eabi/lib/thumb/v7-m/nofp\libg.a(lib_a-memset.o)
 .ARM.attributes
                0x000002ee       0x2d c:/progra~2/gnuarm~1/102021~1.10/bin/../lib/gcc/arm-none-eabi/10.3.1/../../../../arm-none-eabi/lib/thumb/v7-m/nofp\libg.a(lib_a-__call_atexit.o)
 .ARM.attributes
                0x0000031b       0x2d c:/progra~2/gnuarm~1/102021~1.10/bin/../lib/gcc/arm-none-eabi/10.3.1/../../../../arm-none-eabi/lib/thumb/v7-m/nofp\libg.a(lib_a-atexit.o)
 .ARM.attributes
                0x00000348       0x2d c:/progra~2/gnuarm~1/102021~1.10/bin/../lib/gcc/arm-none-eabi/10.3.1/../../../../arm-none-eabi/lib/thumb/v7-m/nofp\libg.a(lib_a-fini.o)
 .ARM.attributes
                0x00000375       0x2d c:/progra~2/gnuarm~1/102021~1.10/bin/../lib/gcc/arm-none-eabi/10.3.1/../../../../arm-none-eabi/lib/thumb/v7-m/nofp\libg.a(lib_a-lock.o)
 .ARM.attributes
                0x000003a2       0x2d c:/progra~2/gnuarm~1/102021~1.10/bin/../lib/gcc/arm-none-eabi/10.3.1/../../../../arm-none-eabi/lib/thumb/v7-m/nofp\libg.a(lib_a-__atexit.o)
 .ARM.attributes
                0x000003cf       0x1d c:/progra~2/gnuarm~1/102021~1.10/bin/../lib/gcc/arm-none-eabi/10.3.1/thumb/v7-m/nofp/crtn.o
OUTPUT(work.elf elf32-littlearm)
LOAD linker stubs
LOAD c:/progra~2/gnuarm~1/102021~1.10/bin/../lib/gcc/arm-none-eabi/10.3.1/../../../../arm-none-eabi/lib/thumb/v7-m/nofp\libc.a
LOAD c:/progra~2/gnuarm~1/102021~1.10/bin/../lib/gcc/arm-none-eabi/10.3.1/../../../../arm-none-eabi/lib/thumb/v7-m/nofp\libm.a
LOAD c:/progra~2/gnuarm~1/102021~1.10/bin/../lib/gcc/arm-none-eabi/10.3.1/thumb/v7-m/nofp\libgcc.a

.debug_info     0x00000000     0x6600
 .debug_info    0x00000000      0x7a8 CMakeFiles/work.elf.dir/Drivers/STM32F1xx_HAL_Driver/Src/stm32f1xx_hal.c.obj
 .debug_info    0x000007a8      0xd8a CMakeFiles/work.elf.dir/Drivers/STM32F1xx_HAL_Driver/Src/stm32f1xx_hal_cortex.c.obj
 .debug_info    0x00001532      0x66f CMakeFiles/work.elf.dir/Drivers/STM32F1xx_HAL_Driver/Src/stm32f1xx_hal_gpio.c.obj
 .debug_info    0x00001ba1      0xa36 CMakeFiles/work.elf.dir/Drivers/STM32F1xx_HAL_Driver/Src/stm32f1xx_hal_rcc.c.obj
 .debug_info    0x000025d7     0x1c8b CMakeFiles/work.elf.dir/Drivers/STM32F1xx_HAL_Driver/Src/stm32f1xx_hal_uart.c.obj
 .debug_info    0x00004262      0xadf CMakeFiles/work.elf.dir/Src/ds18b20.c.obj
 .debug_info    0x00004d41      0xc23 CMakeFiles/work.elf.dir/Src/main.c.obj
 .debug_info    0x00005964      0x902 CMakeFiles/work.elf.dir/Src/stm32f1xx_hal_msp.c.obj
 .debug_info    0x00006266      0x130 CMakeFiles/work.elf.dir/Src/stm32f1xx_it.c.obj
 .debug_info    0x00006396      0x248 CMakeFiles/work.elf.dir/Src/system_stm32f1xx.c.obj
 .debug_info    0x000065de       0x22 CMakeFiles/work.elf.dir/Startup/startup_stm32f103c8tx.s.obj

.debug_abbrev   0x00000000     0x13b3
 .debug_abbrev  0x00000000      0x1f4 CMakeFiles/work.elf.dir/Drivers/STM32F1xx_HAL_Driver/Src/stm32f1xx_hal.c.obj
 .debug_abbrev  0x000001f4      0x341 CMakeFiles/work.elf.dir/Drivers/STM32F1xx_HAL_Driver/Src/stm32f1xx_hal_cortex.c.obj
 .debug_abbrev  0x00000535      0x1e6 CMakeFiles/work.elf.dir/Drivers/STM32F1xx_HAL_Driver/Src/stm32f1xx_hal_gpio.c.obj
 .debug_abbrev  0x0000071b      0x27a CMakeFiles/work.elf.dir/Drivers/STM32F1xx_HAL_Driver/Src/stm32f1xx_hal_rcc.c.obj
 .debug_abbrev  0x00000995      0x254 CMakeFiles/work.elf.dir/Drivers/STM32F1xx_HAL_Driver/Src/stm32f1xx_hal_uart.c.obj
 .debug_abbrev  0x00000be9      0x1f9 CMakeFiles/work.elf.dir/Src/ds18b20.c.obj
 .debug_abbrev  0x00000de2      0x253 CMakeFiles/work.elf.dir/Src/main.c.obj
 .debug_abbrev  0x00001035      0x1b0 CMakeFiles/work.elf.dir/Src/stm32f1xx_hal_msp.c.obj
 .debug_abbrev  0x000011e5       0x7e CMakeFiles/work.elf.dir/Src/stm32f1xx_it.c.obj
 .debug_abbrev  0x00001263      0x13e CMakeFiles/work.elf.dir/Src/system_stm32f1xx.c.obj
 .debug_abbrev  0x000013a1       0x12 CMakeFiles/work.elf.dir/Startup/startup_stm32f103c8tx.s.obj

.debug_loc      0x00000000     0x36f2
 .debug_loc     0x00000000      0x141 CMakeFiles/work.elf.dir/Drivers/STM32F1xx_HAL_Driver/Src/stm32f1xx_hal.c.obj
 .debug_loc     0x00000141      0x71f CMakeFiles/work.elf.dir/Drivers/STM32F1xx_HAL_Driver/Src/stm32f1xx_hal_cortex.c.obj
 .debug_loc     0x00000860      0x47d CMakeFiles/work.elf.dir/Drivers/STM32F1xx_HAL_Driver/Src/stm32f1xx_hal_gpio.c.obj
 .debug_loc     0x00000cdd      0x63e CMakeFiles/work.elf.dir/Drivers/STM32F1xx_HAL_Driver/Src/stm32f1xx_hal_rcc.c.obj
 .debug_loc     0x0000131b     0x2037 CMakeFiles/work.elf.dir/Drivers/STM32F1xx_HAL_Driver/Src/stm32f1xx_hal_uart.c.obj
 .debug_loc     0x00003352      0x1ce CMakeFiles/work.elf.dir/Src/ds18b20.c.obj
 .debug_loc     0x00003520       0xd3 CMakeFiles/work.elf.dir/Src/stm32f1xx_hal_msp.c.obj
 .debug_loc     0x000035f3       0xff CMakeFiles/work.elf.dir/Src/system_stm32f1xx.c.obj

.debug_aranges  0x00000000      0x5d0
 .debug_aranges
                0x00000000       0xe0 CMakeFiles/work.elf.dir/Drivers/STM32F1xx_HAL_Driver/Src/stm32f1xx_hal.c.obj
 .debug_aranges
                0x000000e0       0x90 CMakeFiles/work.elf.dir/Drivers/STM32F1xx_HAL_Driver/Src/stm32f1xx_hal_cortex.c.obj
 .debug_aranges
                0x00000170       0x58 CMakeFiles/work.elf.dir/Drivers/STM32F1xx_HAL_Driver/Src/stm32f1xx_hal_gpio.c.obj
 .debug_aranges
                0x000001c8       0x90 CMakeFiles/work.elf.dir/Drivers/STM32F1xx_HAL_Driver/Src/stm32f1xx_hal_rcc.c.obj
 .debug_aranges
                0x00000258      0x200 CMakeFiles/work.elf.dir/Drivers/STM32F1xx_HAL_Driver/Src/stm32f1xx_hal_uart.c.obj
 .debug_aranges
                0x00000458       0x48 CMakeFiles/work.elf.dir/Src/ds18b20.c.obj
 .debug_aranges
                0x000004a0       0x50 CMakeFiles/work.elf.dir/Src/main.c.obj
 .debug_aranges
                0x000004f0       0x30 CMakeFiles/work.elf.dir/Src/stm32f1xx_hal_msp.c.obj
 .debug_aranges
                0x00000520       0x60 CMakeFiles/work.elf.dir/Src/stm32f1xx_it.c.obj
 .debug_aranges
                0x00000580       0x28 CMakeFiles/work.elf.dir/Src/system_stm32f1xx.c.obj
 .debug_aranges
                0x000005a8       0x28 CMakeFiles/work.elf.dir/Startup/startup_stm32f103c8tx.s.obj

.debug_ranges   0x00000000      0x5c0
 .debug_ranges  0x00000000       0xd0 CMakeFiles/work.elf.dir/Drivers/STM32F1xx_HAL_Driver/Src/stm32f1xx_hal.c.obj
 .debug_ranges  0x000000d0       0xe0 CMakeFiles/work.elf.dir/Drivers/STM32F1xx_HAL_Driver/Src/stm32f1xx_hal_cortex.c.obj
 .debug_ranges  0x000001b0       0x48 CMakeFiles/work.elf.dir/Drivers/STM32F1xx_HAL_Driver/Src/stm32f1xx_hal_gpio.c.obj
 .debug_ranges  0x000001f8       0xa0 CMakeFiles/work.elf.dir/Drivers/STM32F1xx_HAL_Driver/Src/stm32f1xx_hal_rcc.c.obj
 .debug_ranges  0x00000298      0x1f0 CMakeFiles/work.elf.dir/Drivers/STM32F1xx_HAL_Driver/Src/stm32f1xx_hal_uart.c.obj
 .debug_ranges  0x00000488       0x50 CMakeFiles/work.elf.dir/Src/ds18b20.c.obj
 .debug_ranges  0x000004d8       0x40 CMakeFiles/work.elf.dir/Src/main.c.obj
 .debug_ranges  0x00000518       0x20 CMakeFiles/work.elf.dir/Src/stm32f1xx_hal_msp.c.obj
 .debug_ranges  0x00000538       0x50 CMakeFiles/work.elf.dir/Src/stm32f1xx_it.c.obj
 .debug_ranges  0x00000588       0x18 CMakeFiles/work.elf.dir/Src/system_stm32f1xx.c.obj
 .debug_ranges  0x000005a0       0x20 CMakeFiles/work.elf.dir/Startup/startup_stm32f103c8tx.s.obj

.debug_line     0x00000000     0x506e
 .debug_line    0x00000000      0x576 CMakeFiles/work.elf.dir/Drivers/STM32F1xx_HAL_Driver/Src/stm32f1xx_hal.c.obj
 .debug_line    0x00000576      0x65f CMakeFiles/work.elf.dir/Drivers/STM32F1xx_HAL_Driver/Src/stm32f1xx_hal_cortex.c.obj
 .debug_line    0x00000bd5      0x609 CMakeFiles/work.elf.dir/Drivers/STM32F1xx_HAL_Driver/Src/stm32f1xx_hal_gpio.c.obj
 .debug_line    0x000011de      0xc52 CMakeFiles/work.elf.dir/Drivers/STM32F1xx_HAL_Driver/Src/stm32f1xx_hal_rcc.c.obj
 .debug_line    0x00001e30     0x20e1 CMakeFiles/work.elf.dir/Drivers/STM32F1xx_HAL_Driver/Src/stm32f1xx_hal_uart.c.obj
 .debug_line    0x00003f11      0x464 CMakeFiles/work.elf.dir/Src/ds18b20.c.obj
 .debug_line    0x00004375      0x54e CMakeFiles/work.elf.dir/Src/main.c.obj
 .debug_line    0x000048c3      0x321 CMakeFiles/work.elf.dir/Src/stm32f1xx_hal_msp.c.obj
 .debug_line    0x00004be4      0x1a4 CMakeFiles/work.elf.dir/Src/stm32f1xx_it.c.obj
 .debug_line    0x00004d88      0x245 CMakeFiles/work.elf.dir/Src/system_stm32f1xx.c.obj
 .debug_line    0x00004fcd       0xa1 CMakeFiles/work.elf.dir/Startup/startup_stm32f103c8tx.s.obj

.debug_str      0x00000000     0x1f55
 .debug_str     0x00000000      0x80c CMakeFiles/work.elf.dir/Drivers/STM32F1xx_HAL_Driver/Src/stm32f1xx_hal.c.obj
                                0x860 (size before relaxing)
 .debug_str     0x0000080c      0x3f8 CMakeFiles/work.elf.dir/Drivers/STM32F1xx_HAL_Driver/Src/stm32f1xx_hal_cortex.c.obj
                                0x90f (size before relaxing)
 .debug_str     0x00000c04      0x1e9 CMakeFiles/work.elf.dir/Drivers/STM32F1xx_HAL_Driver/Src/stm32f1xx_hal_gpio.c.obj
                                0x43c (size before relaxing)
 .debug_str     0x00000ded      0x365 CMakeFiles/work.elf.dir/Drivers/STM32F1xx_HAL_Driver/Src/stm32f1xx_hal_rcc.c.obj
                                0x667 (size before relaxing)
 .debug_str     0x00001152      0x9f6 CMakeFiles/work.elf.dir/Drivers/STM32F1xx_HAL_Driver/Src/stm32f1xx_hal_uart.c.obj
                                0xcca (size before relaxing)
 .debug_str     0x00001b48      0x14f CMakeFiles/work.elf.dir/Src/ds18b20.c.obj
                                0x9e9 (size before relaxing)
 .debug_str     0x00001c97      0x103 CMakeFiles/work.elf.dir/Src/main.c.obj
                                0x98f (size before relaxing)
 .debug_str     0x00001d9a       0x3a CMakeFiles/work.elf.dir/Src/stm32f1xx_hal_msp.c.obj
                                0x6b3 (size before relaxing)
 .debug_str     0x00001dd4       0xc5 CMakeFiles/work.elf.dir/Src/stm32f1xx_it.c.obj
                                0x259 (size before relaxing)
 .debug_str     0x00001e99       0x6c CMakeFiles/work.elf.dir/Src/system_stm32f1xx.c.obj
                                0x28b (size before relaxing)
 .debug_str     0x00001f05       0x50 CMakeFiles/work.elf.dir/Startup/startup_stm32f103c8tx.s.obj
                                 0x84 (size before relaxing)

.comment        0x00000000       0x49
 .comment       0x00000000       0x49 CMakeFiles/work.elf.dir/Drivers/STM32F1xx_HAL_Driver/Src/stm32f1xx_hal.c.obj
                                 0x4a (size before relaxing)
 .comment       0x00000049       0x4a CMakeFiles/work.elf.dir/Drivers/STM32F1xx_HAL_Driver/Src/stm32f1xx_hal_cortex.c.obj
 .comment       0x00000049       0x4a CMakeFiles/work.elf.dir/Drivers/STM32F1xx_HAL_Driver/Src/stm32f1xx_hal_gpio.c.obj
 .comment       0x00000049       0x4a CMakeFiles/work.elf.dir/Drivers/STM32F1xx_HAL_Driver/Src/stm32f1xx_hal_rcc.c.obj
 .comment       0x00000049       0x4a CMakeFiles/work.elf.dir/Drivers/STM32F1xx_HAL_Driver/Src/stm32f1xx_hal_uart.c.obj
 .comment       0x00000049       0x4a CMakeFiles/work.elf.dir/Src/ds18b20.c.obj
 .comment       0x00000049       0x4a CMakeFiles/work.elf.dir/Src/main.c.obj
 .comment       0x00000049       0x4a CMakeFiles/work.elf.dir/Src/stm32f1xx_hal_msp.c.obj
 .comment       0x00000049       0x4a CMakeFiles/work.elf.dir/Src/stm32f1xx_it.c.obj
 .comment       0x00000049       0x4a CMakeFiles/work.elf.dir/Src/system_stm32f1xx.c.obj

.debug_frame    0x00000000     0x1010
 .debug_frame   0x00000000      0x1cc CMakeFiles/work.elf.dir/Drivers/STM32F1xx_HAL_Driver/Src/stm32f1xx_hal.c.obj
 .debug_frame   0x000001cc      0x118 CMakeFiles/work.elf.dir/Drivers/STM32F1xx_HAL_Driver/Src/stm32f1xx_hal_cortex.c.obj
 .debug_frame   0x000002e4       0xe4 CMakeFiles/work.elf.dir/Drivers/STM32F1xx_HAL_Driver/Src/stm32f1xx_hal_gpio.c.obj
 .debug_frame   0x000003c8      0x190 CMakeFiles/work.elf.dir/Drivers/STM32F1xx_HAL_Driver/Src/stm32f1xx_hal_rcc.c.obj
 .debug_frame   0x00000558      0x5c4 CMakeFiles/work.elf.dir/Drivers/STM32F1xx_HAL_Driver/Src/stm32f1xx_hal_uart.c.obj
 .debug_frame   0x00000b1c       0xa8 CMakeFiles/work.elf.dir/Src/ds18b20.c.obj
 .debug_frame   0x00000bc4       0xb8 CMakeFiles/work.elf.dir/Src/main.c.obj
 .debug_frame   0x00000c7c       0x60 CMakeFiles/work.elf.dir/Src/stm32f1xx_hal_msp.c.obj
 .debug_frame   0x00000cdc       0xa8 CMakeFiles/work.elf.dir/Src/stm32f1xx_it.c.obj
 .debug_frame   0x00000d84       0x30 CMakeFiles/work.elf.dir/Src/system_stm32f1xx.c.obj
 .debug_frame   0x00000db4       0x24 c:/progra~2/gnuarm~1/102021~1.10/bin/../lib/gcc/arm-none-eabi/10.3.1/thumb/v7-m/nofp\libgcc.a(_arm_mulsf3.o)
 .debug_frame   0x00000dd8       0x4c c:/progra~2/gnuarm~1/102021~1.10/bin/../lib/gcc/arm-none-eabi/10.3.1/thumb/v7-m/nofp\libgcc.a(_arm_addsubsf3.o)
 .debug_frame   0x00000e24       0x2c c:/progra~2/gnuarm~1/102021~1.10/bin/../lib/gcc/arm-none-eabi/10.3.1/../../../../arm-none-eabi/lib/thumb/v7-m/nofp\libg.a(lib_a-init.o)
 .debug_frame   0x00000e50       0x2c c:/progra~2/gnuarm~1/102021~1.10/bin/../lib/gcc/arm-none-eabi/10.3.1/../../../../arm-none-eabi/lib/thumb/v7-m/nofp\libg.a(lib_a-memset.o)
 .debug_frame   0x00000e7c       0x5c c:/progra~2/gnuarm~1/102021~1.10/bin/../lib/gcc/arm-none-eabi/10.3.1/../../../../arm-none-eabi/lib/thumb/v7-m/nofp\libg.a(lib_a-__call_atexit.o)
 .debug_frame   0x00000ed8       0x20 c:/progra~2/gnuarm~1/102021~1.10/bin/../lib/gcc/arm-none-eabi/10.3.1/../../../../arm-none-eabi/lib/thumb/v7-m/nofp\libg.a(lib_a-atexit.o)
 .debug_frame   0x00000ef8       0x34 c:/progra~2/gnuarm~1/102021~1.10/bin/../lib/gcc/arm-none-eabi/10.3.1/../../../../arm-none-eabi/lib/thumb/v7-m/nofp\libg.a(lib_a-fini.o)
 .debug_frame   0x00000f2c       0xb0 c:/progra~2/gnuarm~1/102021~1.10/bin/../lib/gcc/arm-none-eabi/10.3.1/../../../../arm-none-eabi/lib/thumb/v7-m/nofp\libg.a(lib_a-lock.o)
 .debug_frame   0x00000fdc       0x34 c:/progra~2/gnuarm~1/102021~1.10/bin/../lib/gcc/arm-none-eabi/10.3.1/../../../../arm-none-eabi/lib/thumb/v7-m/nofp\libg.a(lib_a-__atexit.o)
